// Vitest Snapshot v1, https://vitest.dev/guide/snapshot.html

exports[`Device Add > Renders the component 1`] = `
"<button data-v-51a05120=\\"\\" type=\\"button\\" class=\\"v-btn v-btn--elevated v-theme--light bg-primary v-btn--density-default v-btn--size-default v-btn--variant-elevated\\" tabindex=\\"0\\" aria-label=\\"Dialog Add device\\" data-test=\\"device-add-btn\\"><span class=\\"v-btn__overlay\\"></span><span class=\\"v-btn__underlay\\"></span>
  <!----><span class=\\"v-btn__content\\" data-no-activator=\\"\\"> Add Device </span>
  <!---->
  <!---->
</button>"
`;
