// Vitest Snapshot v1, https://vitest.dev/guide/snapshot.html

exports[`Device Chooser List > Renders the component 1`] = `
"<div class="v-card v-theme--light v-card--density-default v-card--variant-elevated bg-v-theme-surface" data-test="devices-list-chooser">
  <!---->
  <div class="v-card__loader">
    <div class="v-progress-linear v-theme--light v-locale--is-ltr" style="top: 0px; height: 0px; --v-progress-linear-height: 2px;" role="progressbar" aria-hidden="true" aria-valuemin="0" aria-valuemax="100">
      <!---->
      <div class="v-progress-linear__background"></div>
      <div class="v-progress-linear__buffer" style="width: 0%;"></div>
      <transition-stub name="fade-transition" appear="false" persisted="false" css="true">
        <div class="v-progress-linear__indeterminate">
          <div class="v-progress-linear__indeterminate long"></div>
          <div class="v-progress-linear__indeterminate short"></div>
        </div>
      </transition-stub>
      <!---->
    </div>
  </div>
  <!---->
  <!---->
  <div data-test="devices-dataTable">
    <div class="v-table v-theme--light v-table--density-default bg-background border rounded text-center">
      <!---->
      <div class="v-table__wrapper">
        <table>
          <thead class="bg-v-theme-background">
            <tr>
              <th class="text-center"><span></span></th>
              <th class="text-center"><span>Hostname</span></th>
              <th class="text-center"><span>Operating System</span></th>
              <th class="text-center"><span>SSHID</span></th>
            </tr>
          </thead>
          <tbody class="pa-4 text-subtitle-2">
            <tr>
              <td colspan="4" class="pa-4 text-subtitle-2 text-center"> No data available </td>
            </tr>
          </tbody>
        </table>
      </div>
      <!---->
    </div>
    <!--v-if-->
    <!--v-if-->
  </div>
  <!---->
  <!----><span class="v-card__underlay"></span>
</div>"
`;
