// Vitest Snapshot v1, https://vitest.dev/guide/snapshot.html

exports[`Session Details > Renders the component 1`] = `
"<div data-v-5ff20c2c="" class="d-flex pa-0 align-center">
  <h1 data-v-5ff20c2c="">Session Details</h1>
</div>
<div data-v-5ff20c2c="" class="v-card v-theme--light v-card--density-default v-card--variant-elevated mt-2 pa-4">
  <!---->
  <div class="v-card__loader">
    <div class="v-progress-linear v-theme--light v-locale--is-ltr" style="top: 0px; height: 0px; --v-progress-linear-height: 2px;" role="progressbar" aria-hidden="true" aria-valuemin="0" aria-valuemax="100">
      <!---->
      <div class="v-progress-linear__background"></div>
      <div class="v-progress-linear__buffer" style="width: 0%;"></div>
      <transition-stub name="fade-transition" appear="false" persisted="false" css="true">
        <div class="v-progress-linear__indeterminate">
          <div class="v-progress-linear__indeterminate long"></div>
          <div class="v-progress-linear__indeterminate short"></div>
        </div>
      </transition-stub>
      <!---->
    </div>
  </div>
  <!---->
  <!---->
  <div data-v-5ff20c2c="" class="v-card-text">
    <div data-v-5ff20c2c="">
      <div data-v-5ff20c2c="" class="text-overline mt-3">
        <h3 data-v-5ff20c2c="">uid:</h3>
      </div>
      <div data-v-5ff20c2c="">
        <p data-v-5ff20c2c=""></p>
      </div>
    </div>
    <!--v-if-->
    <div data-v-5ff20c2c="">
      <div data-v-5ff20c2c="" class="text-overline mt-3">
        <h3 data-v-5ff20c2c="">Tenant uid:</h3>
      </div>
      <div data-v-5ff20c2c="">
        <p data-v-5ff20c2c=""></p>
      </div>
    </div>
    <div data-v-5ff20c2c="">
      <div data-v-5ff20c2c="" class="text-overline mt-3">
        <h3 data-v-5ff20c2c="">Username</h3>
      </div>
      <div data-v-5ff20c2c="">
        <p data-v-5ff20c2c=""></p>
      </div>
    </div>
    <div data-v-5ff20c2c="">
      <div data-v-5ff20c2c="" class="text-overline mt-3">
        <h3 data-v-5ff20c2c="">Ip Adress:</h3>
      </div>
      <div data-v-5ff20c2c="">
        <p data-v-5ff20c2c=""></p>
      </div>
    </div>
    <div data-v-5ff20c2c="">
      <div data-v-5ff20c2c="" class="text-overline mt-3">
        <h3 data-v-5ff20c2c="">Last Seen:</h3>
      </div>
      <div data-v-5ff20c2c="">
        <p data-v-5ff20c2c=""></p>
      </div>
    </div>
    <div data-v-5ff20c2c="">
      <div data-v-5ff20c2c="" class="text-overline mt-3">
        <h3 data-v-5ff20c2c="">Active:</h3>
      </div>
      <div data-v-5ff20c2c="">
        <p data-v-5ff20c2c=""></p>
      </div>
    </div>
    <div data-v-5ff20c2c="">
      <div data-v-5ff20c2c="" class="text-overline mt-3">
        <h3 data-v-5ff20c2c="">Terminal:</h3>
      </div>
      <div data-v-5ff20c2c="">
        <p data-v-5ff20c2c=""></p>
      </div>
    </div>
    <div data-v-5ff20c2c="">
      <div data-v-5ff20c2c="" class="text-overline mt-3">
        <h3 data-v-5ff20c2c="">Type:</h3>
      </div>
      <div data-v-5ff20c2c="">
        <p data-v-5ff20c2c=""></p>
      </div>
    </div>
  </div>
  <!---->
  <!----><span class="v-card__underlay"></span>
</div>"
`;
