// Vitest Snapshot v1

exports[`SettingBilling > Create subscription operator > Renders the component 1`] = `"<v-container-stub fluid=\\"false\\" tag=\\"div\\"></v-container-stub>"`;

exports[`SettingBilling > Create subscription owner > Renders the component 1`] = `"<v-container-stub fluid=\\"false\\" tag=\\"div\\"></v-container-stub>"`;

exports[`SettingBilling > Pending request operator > Renders the component 1`] = `"<v-container-stub fluid=\\"false\\" tag=\\"div\\"></v-container-stub>"`;

exports[`SettingBilling > Pending request owner > Renders the component 1`] = `"<v-container-stub fluid=\\"false\\" tag=\\"div\\"></v-container-stub>"`;

exports[`SettingBilling > Premium usage - warning operator > Renders the component 1`] = `"<v-container-stub fluid=\\"false\\" tag=\\"div\\"></v-container-stub>"`;

exports[`SettingBilling > Premium usage - warning owner > Renders the component 1`] = `"<v-container-stub fluid=\\"false\\" tag=\\"div\\"></v-container-stub>"`;

exports[`SettingBilling > Premium usage operator > Renders the component 1`] = `"<v-container-stub fluid=\\"false\\" tag=\\"div\\"></v-container-stub>"`;

exports[`SettingBilling > Premium usage owner > Renders the component 1`] = `"<v-container-stub fluid=\\"false\\" tag=\\"div\\"></v-container-stub>"`;
