// Vitest Snapshot v1

exports[`List data when user has observer role > Renders the component 1`] = `
"<div totalcount=\\"2\\" data-v-06dd64af=\\"\\">
  <data-table-stub itemsperpage=\\"10\\" nextpage=\\"[Function]\\" previouspage=\\"[Function]\\" totalcount=\\"2\\" headers=\\"[object Object],[object Object],[object Object],[object Object],[object Object],[object Object]\\" items=\\"[object Object],[object Object]\\" comboboxoptions=\\"10,20,50,100\\" loading=\\"false\\" actualpage=\\"1\\" data-test=\\"devices-list\\" data-v-06dd64af=\\"\\"></data-table-stub>
</div>"
`;

exports[`List data when user has owner role > Renders the component 1`] = `
"<div totalcount=\\"2\\" data-v-06dd64af=\\"\\">
  <data-table-stub itemsperpage=\\"10\\" nextpage=\\"[Function]\\" previouspage=\\"[Function]\\" totalcount=\\"2\\" headers=\\"[object Object],[object Object],[object Object],[object Object],[object Object],[object Object]\\" items=\\"[object Object],[object Object]\\" comboboxoptions=\\"10,20,50,100\\" loading=\\"false\\" actualpage=\\"1\\" data-test=\\"devices-list\\" data-v-06dd64af=\\"\\"></data-table-stub>
</div>"
`;
