// Vitest Snapshot v1, https://vitest.dev/guide/snapshot.html

exports[`Setting Owner Info > Renders the component 1`] = `
"<div class=\\"v-container v-locale--is-ltr\\">
  <div class=\\"v-row align-center justify-center mt-4 mb-4\\">
    <div class=\\"v-col-sm-8 v-col\\">
      <div class=\\"v-card v-theme--light v-card--density-default v-card--variant-elevated pb-0 elevation-0\\">
        <!---->
        <div class=\\"v-card__loader\\">
          <div class=\\"v-progress-linear v-theme--light v-locale--is-ltr\\" style=\\"top: 0px; height: 0px; --v-progress-linear-height: 2px;\\" role=\\"progressbar\\" aria-hidden=\\"true\\" aria-valuemin=\\"0\\" aria-valuemax=\\"100\\">
            <!---->
            <div class=\\"v-progress-linear__background\\"></div>
            <div class=\\"v-progress-linear__buffer\\" style=\\"width: 0%;\\"></div>
            <transition-stub name=\\"fade-transition\\" appear=\\"false\\" persisted=\\"false\\" css=\\"true\\">
              <div class=\\"v-progress-linear__indeterminate\\">
                <div class=\\"v-progress-linear__indeterminate long\\"></div>
                <div class=\\"v-progress-linear__indeterminate short\\"></div>
              </div>
            </transition-stub>
            <!---->
          </div>
        </div>
        <!---->
        <!---->
        <div class=\\"d-flex pa-0 align-center\\">
          <div class=\\"v-spacer\\"></div>
          <div class=\\"v-spacer\\"></div>
        </div>
        <!---->
        <!----><span class=\\"v-card__underlay\\"></span>
      </div>
      <div class=\\"v-table v-theme--light v-table--density-default bg-v-theme-surface\\" data-test=\\"tagList-component\\">
        <!---->
        <div class=\\"v-table__wrapper\\">
          <table>
            <thead>
              <tr>
                <th class=\\"text-center\\"><span>Name</span></th>
                <th class=\\"text-center\\"><span>Actions</span></th>
              </tr>
            </thead>
            <tbody>
              <tr>
                <td class=\\"text-center\\">1</td>
                <td class=\\"text-center\\"><span class=\\"v-chip v-chip--link v-theme--light v-chip--density-comfortable v-chip--size-small v-chip--variant-tonal\\" draggable=\\"false\\" tabindex=\\"0\\" aria-haspopup=\\"menu\\" aria-expanded=\\"false\\" aria-owns=\\"v-menu-0\\"><span class=\\"v-chip__overlay\\"></span><span class=\\"v-chip__underlay\\"></span>
                  <!---->
                  <!---->
                  <div class=\\"v-chip__content\\" data-no-activator=\\"\\"><i class=\\"mdi-dots-horizontal mdi v-icon notranslate v-theme--light v-icon--size-default\\" aria-hidden=\\"true\\"></i></div>
                  <!---->
                  <!----></span>
                  <!--teleport start-->
                  <!--teleport end-->
                </td>
              </tr>
              <tr>
                <td class=\\"text-center\\">2</td>
                <td class=\\"text-center\\"><span class=\\"v-chip v-chip--link v-theme--light v-chip--density-comfortable v-chip--size-small v-chip--variant-tonal\\" draggable=\\"false\\" tabindex=\\"0\\" aria-haspopup=\\"menu\\" aria-expanded=\\"false\\" aria-owns=\\"v-menu-6\\"><span class=\\"v-chip__overlay\\"></span><span class=\\"v-chip__underlay\\"></span>
                  <!---->
                  <!---->
                  <div class=\\"v-chip__content\\" data-no-activator=\\"\\"><i class=\\"mdi-dots-horizontal mdi v-icon notranslate v-theme--light v-icon--size-default\\" aria-hidden=\\"true\\"></i></div>
                  <!---->
                  <!----></span>
                  <!--teleport start-->
                  <!--teleport end-->
                </td>
              </tr>
            </tbody>
          </table>
        </div>
        <!---->
      </div>
    </div>
  </div>
</div>"
`;
