// Vitest Snapshot v1, https://vitest.dev/guide/snapshot.html

exports[`User Status Chip > Renders the component 1`] = `
"<span class="v-chip v-theme--light text-success v-chip--density-default v-chip--size-default v-chip--variant-text ma-2" draggable="false"><!----><span class="v-chip__underlay"></span>
<!---->
<div class="v-chip__prepend"><i class="mdi-checkbox-marked-circle mdi v-icon notranslate v-theme--light v-icon--size-default v-icon--start" aria-hidden="true"></i>
  <!---->
</div>
<div class="v-chip__content" data-no-activator="">Confirmed</div>
<!---->
<!----></span>"
`;
