// Vitest Snapshot v1, https://vitest.dev/guide/snapshot.html

exports[`BaseDialog > Renders the component 1`] = `
"<body>
  <div class="v-overlay-container">
    <div class="v-overlay v-overlay--active v-theme--light v-locale--is-ltr v-dialog" style="z-index: 2400;" aria-modal="true" role="dialog">
      <transition-stub name="fade-transition" appear="true" persisted="false" css="true">
        <div class="v-overlay__scrim"></div>
      </transition-stub>
      <transition-stub name="dialog-transition" appear="true" persisted="true" css="true">
        <div class="v-overlay__content" style="max-width: 600px;" tabindex="-1">
          <div>Test content</div>
        </div>
      </transition-stub>
    </div>
  </div>
</body>"
`;
