// Vitest Snapshot v1

exports[`NamespaceInstructions > Enterprise Version renders > Renders the component 1`] = `"<v-dialog-stub maxwidth=\\"650px\\" fullscreen=\\"false\\" retainfocus=\\"true\\" scrollable=\\"false\\" absolute=\\"false\\" attach=\\"false\\" closeonback=\\"true\\" contained=\\"false\\" disabled=\\"false\\" noclickanimation=\\"false\\" modelvalue=\\"true\\" persistent=\\"false\\" scrim=\\"true\\" zindex=\\"2400\\" activatorprops=\\"[object Object]\\" openonhover=\\"false\\" closeoncontentclick=\\"false\\" eager=\\"false\\" locationstrategy=\\"static\\" location=\\"bottom\\" origin=\\"center center\\" scrollstrategy=\\"block\\" transition=\\"[object Object]\\"></v-dialog-stub>"`;

exports[`NamespaceInstructions > Renders the component 1`] = `"<v-dialog-stub maxwidth=\\"650px\\" fullscreen=\\"false\\" retainfocus=\\"true\\" scrollable=\\"false\\" absolute=\\"false\\" attach=\\"false\\" closeonback=\\"true\\" contained=\\"false\\" disabled=\\"false\\" noclickanimation=\\"false\\" modelvalue=\\"true\\" persistent=\\"false\\" scrim=\\"true\\" zindex=\\"2400\\" activatorprops=\\"[object Object]\\" openonhover=\\"false\\" closeoncontentclick=\\"false\\" eager=\\"false\\" locationstrategy=\\"static\\" location=\\"bottom\\" origin=\\"center center\\" scrollstrategy=\\"block\\" transition=\\"[object Object]\\"></v-dialog-stub>"`;
