// Jest Snapshot v1, https://goo.gl/fbAQLP

exports[`UserWarning With devices Renders the component 1`] = `
<fragment-stub>
  <devicewarning-stub data-test="deviceWarning-component"></devicewarning-stub>
  <welcome-stub data-test="welcome-component"></welcome-stub>
  <namespaceinstructions-stub data-test="namespaceInstructions-component" show="true"></namespaceinstructions-stub>
  <billingwarning-stub data-test="billingWarning-component"></billingwarning-stub>
</fragment-stub>
`;

exports[`UserWarning Without devices Renders the component 1`] = `
<fragment-stub>
  <devicewarning-stub data-test="deviceWarning-component"></devicewarning-stub>
  <welcome-stub data-test="welcome-component"></welcome-stub>
  <namespaceinstructions-stub data-test="namespaceInstructions-component" show="true"></namespaceinstructions-stub>
  <billingwarning-stub data-test="billingWarning-component"></billingwarning-stub>
</fragment-stub>
`;
