// Vitest Snapshot v1, https://vitest.dev/guide/snapshot.html

exports[`Devices View > Renders the component 1`] = `
"<div class="v-card v-theme--light v-card--density-default elevation-0 rounded-0 v-card--variant-elevated pa-6 bg-transparent mb-6 position-relative overflow-hidden border-b mx-n8 mt-n8" data-test="device-title">
  <!---->
  <div class="v-card__loader">
    <div class="v-progress-linear v-theme--light v-locale--is-ltr" style="top: 0px; height: 0px; --v-progress-linear-height: 2px;" role="progressbar" aria-hidden="true" aria-valuemin="0" aria-valuemax="100">
      <!---->
      <div class="v-progress-linear__background"></div>
      <div class="v-progress-linear__buffer" style="width: 0%;"></div>
      <transition-stub name="fade-transition" appear="false" persisted="false" css="true">
        <div class="v-progress-linear__indeterminate">
          <div class="v-progress-linear__indeterminate long"></div>
          <div class="v-progress-linear__indeterminate short"></div>
        </div>
      </transition-stub>
      <!---->
    </div>
  </div>
  <!---->
  <!---->
  <div class="d-flex align-start justify-space-between position-relative" style="z-index: 1;">
    <!-- Left side: Icon + Title + Description -->
    <div class="d-flex align-start flex-grow-1">
      <div class="v-avatar v-theme--light bg-primary v-avatar--density-default v-avatar--variant-flat mr-4" style="width: 48px; height: 48px;"><i class="mdi-developer-board mdi v-icon notranslate v-theme--light" style="font-size: 32px; height: 32px; width: 32px;" aria-hidden="true"></i>
        <!----><span class="v-avatar__underlay"></span>
      </div>
      <div>
        <div class="text-overline text-medium-emphasis mb-1">Device Management</div>
        <div class="text-h5 font-weight-bold mb-2">Devices</div>
        <div class="text-body-2 text-medium-emphasis">Manage and monitor all devices connected to this namespace. Install the ShellHub agent on your devices to register them.</div>
        <!--v-if-->
      </div>
    </div><!-- Right side: Actions -->
    <div class="ml-4"><button tabindex="0" type="button" class="v-btn v-btn--elevated v-theme--light bg-primary v-btn--density-default v-btn--size-default v-btn--variant-elevated" data-test="device-add-btn"><span class="v-btn__overlay"></span><span class="v-btn__underlay"></span>
        <!----><span class="v-btn__content" data-no-activator="">Add Device</span>
        <!---->
        <!---->
      </button>
      <!---->
      <!---->
    </div>
  </div><!-- Extra content below -->
  <!--v-if-->
  <!---->
  <!----><span class="v-card__underlay"></span>
</div>
<div data-v-94cd2bfb="" class="v-card v-theme--light v-card--density-default v-card--variant-elevated bg-v-theme-surface mx-auto py-6 border text-center position-relative mt-2" data-test="no-items-message-component">
  <!---->
  <div class="v-card__loader">
    <div class="v-progress-linear v-theme--light v-locale--is-ltr" style="top: 0px; height: 0px; --v-progress-linear-height: 2px;" role="progressbar" aria-hidden="true" aria-valuemin="0" aria-valuemax="100">
      <!---->
      <div class="v-progress-linear__background"></div>
      <div class="v-progress-linear__buffer" style="width: 0%;"></div>
      <transition-stub name="fade-transition" appear="false" persisted="false" css="true">
        <div class="v-progress-linear__indeterminate">
          <div class="v-progress-linear__indeterminate long"></div>
          <div class="v-progress-linear__indeterminate short"></div>
        </div>
      </transition-stub>
      <!---->
    </div>
  </div>
  <!---->
  <!---->
  <div data-v-94cd2bfb="" class="v-skeleton-loader v-theme--light bg-v-theme-surface position-absolute w-100 h-100 opacity-10 border skeleton-loader" aria-live="polite" aria-label="Loading..." role="alert">
    <div class="v-skeleton-loader__bone v-skeleton-loader__table-tbody">
      <div class="v-skeleton-loader__bone v-skeleton-loader__table-row-divider">
        <div class="v-skeleton-loader__bone v-skeleton-loader__table-row">
          <div class="v-skeleton-loader__bone v-skeleton-loader__text"></div>
          <div class="v-skeleton-loader__bone v-skeleton-loader__text"></div>
          <div class="v-skeleton-loader__bone v-skeleton-loader__text"></div>
          <div class="v-skeleton-loader__bone v-skeleton-loader__text"></div>
          <div class="v-skeleton-loader__bone v-skeleton-loader__text"></div>
          <div class="v-skeleton-loader__bone v-skeleton-loader__text"></div>
        </div>
        <div class="v-skeleton-loader__bone v-skeleton-loader__divider"></div>
      </div>
      <div class="v-skeleton-loader__bone v-skeleton-loader__table-row-divider">
        <div class="v-skeleton-loader__bone v-skeleton-loader__table-row">
          <div class="v-skeleton-loader__bone v-skeleton-loader__text"></div>
          <div class="v-skeleton-loader__bone v-skeleton-loader__text"></div>
          <div class="v-skeleton-loader__bone v-skeleton-loader__text"></div>
          <div class="v-skeleton-loader__bone v-skeleton-loader__text"></div>
          <div class="v-skeleton-loader__bone v-skeleton-loader__text"></div>
          <div class="v-skeleton-loader__bone v-skeleton-loader__text"></div>
        </div>
        <div class="v-skeleton-loader__bone v-skeleton-loader__divider"></div>
      </div>
      <div class="v-skeleton-loader__bone v-skeleton-loader__table-row-divider">
        <div class="v-skeleton-loader__bone v-skeleton-loader__table-row">
          <div class="v-skeleton-loader__bone v-skeleton-loader__text"></div>
          <div class="v-skeleton-loader__bone v-skeleton-loader__text"></div>
          <div class="v-skeleton-loader__bone v-skeleton-loader__text"></div>
          <div class="v-skeleton-loader__bone v-skeleton-loader__text"></div>
          <div class="v-skeleton-loader__bone v-skeleton-loader__text"></div>
          <div class="v-skeleton-loader__bone v-skeleton-loader__text"></div>
        </div>
        <div class="v-skeleton-loader__bone v-skeleton-loader__divider"></div>
      </div>
      <div class="v-skeleton-loader__bone v-skeleton-loader__table-row-divider">
        <div class="v-skeleton-loader__bone v-skeleton-loader__table-row">
          <div class="v-skeleton-loader__bone v-skeleton-loader__text"></div>
          <div class="v-skeleton-loader__bone v-skeleton-loader__text"></div>
          <div class="v-skeleton-loader__bone v-skeleton-loader__text"></div>
          <div class="v-skeleton-loader__bone v-skeleton-loader__text"></div>
          <div class="v-skeleton-loader__bone v-skeleton-loader__text"></div>
          <div class="v-skeleton-loader__bone v-skeleton-loader__text"></div>
        </div>
        <div class="v-skeleton-loader__bone v-skeleton-loader__divider"></div>
      </div>
      <div class="v-skeleton-loader__bone v-skeleton-loader__table-row-divider">
        <div class="v-skeleton-loader__bone v-skeleton-loader__table-row">
          <div class="v-skeleton-loader__bone v-skeleton-loader__text"></div>
          <div class="v-skeleton-loader__bone v-skeleton-loader__text"></div>
          <div class="v-skeleton-loader__bone v-skeleton-loader__text"></div>
          <div class="v-skeleton-loader__bone v-skeleton-loader__text"></div>
          <div class="v-skeleton-loader__bone v-skeleton-loader__text"></div>
          <div class="v-skeleton-loader__bone v-skeleton-loader__text"></div>
        </div>
        <div class="v-skeleton-loader__bone v-skeleton-loader__divider"></div>
      </div>
      <div class="v-skeleton-loader__bone v-skeleton-loader__table-row-divider">
        <div class="v-skeleton-loader__bone v-skeleton-loader__table-row">
          <div class="v-skeleton-loader__bone v-skeleton-loader__text"></div>
          <div class="v-skeleton-loader__bone v-skeleton-loader__text"></div>
          <div class="v-skeleton-loader__bone v-skeleton-loader__text"></div>
          <div class="v-skeleton-loader__bone v-skeleton-loader__text"></div>
          <div class="v-skeleton-loader__bone v-skeleton-loader__text"></div>
          <div class="v-skeleton-loader__bone v-skeleton-loader__text"></div>
        </div>
        <div class="v-skeleton-loader__bone v-skeleton-loader__divider"></div>
      </div>
    </div>
  </div>
  <div data-v-94cd2bfb="" class="v-card-title d-flex flex-column justify-center pa-5 ga-6 position-relative card-title">
    <div data-v-94cd2bfb=""><i data-v-94cd2bfb="" class="mdi-developer-board mdi v-icon notranslate v-theme--light v-icon--size-x-large" aria-hidden="true" data-test="message-icon"></i></div>
    <div data-v-94cd2bfb="" class="text-sm-h5 text-wrap font-weight-medium" data-test="message-title"> Looks like you don't have any Devices</div>
  </div>
  <div data-v-94cd2bfb="" class="v-card-text pb-0 px-4 py-1 d-flex flex-column ga-2 text-subtitle-1 position-relative card-content" data-test="message-content">
    <p>In order to register a device on ShellHub, you need to install ShellHub agent onto it.</p>
    <p> The easiest way to install ShellHub agent is with our automatic one-line installation script, which works with all Linux distributions that have Docker installed and properly set up. <a rel="noopener noreferrer" target="_blank" href="https://docs.shellhub.io/user-guides/devices/adding">See More</a>. </p>
  </div>
  <div data-v-94cd2bfb="" class="v-card-actions justify-center pt-8 pb-0 position-relative card-actions"><button tabindex="0" type="button" class="v-btn v-btn--elevated v-btn--slim v-theme--light bg-primary v-btn--density-default v-btn--size-default v-btn--variant-elevated" data-test="device-add-btn"><span class="v-btn__overlay"></span><span class="v-btn__underlay"></span>
      <!----><span class="v-btn__content" data-no-activator="">Add Device</span>
      <!---->
      <!---->
    </button>
    <!---->
    <!---->
  </div>
  <!---->
  <!----><span class="v-card__underlay"></span>
</div>"
`;
