// Vitest Snapshot v1, https://vitest.dev/guide/snapshot.html

exports[`Devices View > Renders the component 1`] = `
"<div class="d-flex flex-column justify-space-between align-center flex-sm-row" data-test="device-title">
  <h1>Devices</h1>
  <div class="v-col-md-6 v-col">
    <!--v-if-->
  </div>
  <div class="d-flex" data-test="device-header-component-group">
    <!--v-if--><button data-v-51a05120="" type="button" class="v-btn v-btn--elevated v-theme--light bg-primary v-btn--density-default v-btn--size-default v-btn--variant-elevated" tabindex="0" aria-label="Dialog Add device" data-test="device-add-btn"><span class="v-btn__overlay"></span><span class="v-btn__underlay"></span>
      <!----><span class="v-btn__content" data-no-activator=""> Add Device </span>
      <!---->
      <!---->
    </button>
    <!---->
    <!---->
  </div>
</div>
<div class="v-card v-theme--light v-card--density-default v-card--variant-elevated bg-v-theme-surface mx-auto py-6 border text-center mt-2" data-test="no-items-message-component">
  <!---->
  <div class="v-card__loader">
    <div class="v-progress-linear v-theme--light v-locale--is-ltr" style="top: 0px; height: 0px; --v-progress-linear-height: 2px;" role="progressbar" aria-hidden="true" aria-valuemin="0" aria-valuemax="100">
      <!---->
      <div class="v-progress-linear__background"></div>
      <div class="v-progress-linear__buffer" style="width: 0%;"></div>
      <transition-stub name="fade-transition" appear="false" persisted="false" css="true">
        <div class="v-progress-linear__indeterminate">
          <div class="v-progress-linear__indeterminate long"></div>
          <div class="v-progress-linear__indeterminate short"></div>
        </div>
      </transition-stub>
      <!---->
    </div>
  </div>
  <!---->
  <!---->
  <div class="v-card-title d-flex flex-column justify-center pa-5 ga-6">
    <div><i class="mdi-cellphone-link mdi v-icon notranslate v-theme--light v-icon--size-x-large" aria-hidden="true" data-test="message-icon"></i></div>
    <div class="text-sm-h5 text-wrap font-weight-medium" data-test="message-title"> Looks like you don't have any Devices</div>
  </div>
  <div class="v-card-text pb-0 px-4 py-1 d-flex flex-column ga-2 text-subtitle-1" data-test="message-content">
    <p>In order to register a device on ShellHub, you need to install ShellHub agent onto it.</p>
    <p>The easiest way to install ShellHub agent is with our automatic one-line installation script, which works with all Linux distributions that have Docker installed and properly set up. <a rel="noopener noreferrer" target="_blank" href="https://docs.shellhub.io/user-guides/devices/adding">See More</a>. </p>
  </div>
  <div class="v-card-actions justify-center pt-8 pb-0"><button data-v-51a05120="" type="button" class="v-btn v-btn--elevated v-btn--slim v-theme--light bg-primary v-btn--density-default v-btn--size-default v-btn--variant-elevated" tabindex="0" aria-label="Dialog Add device" data-test="device-add-btn"><span class="v-btn__overlay"></span><span class="v-btn__underlay"></span>
      <!----><span class="v-btn__content" data-no-activator=""> Add Device </span>
      <!---->
      <!---->
    </button>
    <!---->
    <!---->
  </div>
  <!---->
  <!----><span class="v-card__underlay"></span>
</div>"
`;
