// Vitest Snapshot v1, https://vitest.dev/guide/snapshot.html

exports[`Setup Account > Renders the component 1`] = `
"<div class="v-container v-locale--is-ltr pb-0 mb-0">
  <!--v-if-->
  <form>
    <div class="v-card-title text-center" data-test="welcome-title">Welcome to ShellHub!</div>
    <div class="v-window v-theme--light">
      <div class="v-window__container">
        <transition-stub appear="false" persisted="false" css="true" disabled="true">
          <div class="v-window-item v-window-item--active">
            <div class="v-card-subtitle" style="white-space: normal;" data-test="subtitle-1"> To set up your account, please run <code>/bin/setup</code> in your terminal to generate a signature. Use the generated signature in the "Sign" field below to proceed. </div>
            <div class="v-container v-locale--is-ltr">
              <div class="v-input v-input--horizontal v-input--density-default v-theme--light v-locale--is-ltr v-text-field v-input--plain-underlined" data-test="sign-text">
                <!---->
                <div class="v-input__control">
                  <div class="v-field v-field--prepended v-field--variant-underlined v-theme--light v-locale--is-ltr">
                    <div class="v-field__overlay"></div>
                    <div class="v-field__loader">
                      <div class="v-progress-linear v-theme--light v-locale--is-ltr" style="top: 0px; height: 0px; --v-progress-linear-height: 2px;" role="progressbar" aria-hidden="true" aria-valuemin="0" aria-valuemax="100">
                        <!---->
                        <div class="v-progress-linear__background bg-primary"></div>
                        <div class="v-progress-linear__buffer bg-primary" style="width: 0%;"></div>
                        <transition-stub name="fade-transition" appear="false" persisted="false" css="true">
                          <div class="v-progress-linear__indeterminate">
                            <div class="v-progress-linear__indeterminate long bg-primary"></div>
                            <div class="v-progress-linear__indeterminate short bg-primary"></div>
                          </div>
                        </transition-stub>
                        <!---->
                      </div>
                    </div>
                    <div class="v-field__prepend-inner"><i class="mdi-key mdi v-icon notranslate v-theme--light v-icon--size-default" aria-hidden="true"></i>
                      <!---->
                    </div>
                    <div class="v-field__field" data-no-activator="">
                      <!----><label class="v-label v-field-label" for="input-v-1">
                        <!---->Sign
                      </label>
                      <!----><input size="1" type="text" id="input-v-1" aria-describedby="input-v-1-messages" required="" class="v-field__input">
                      <!---->
                    </div>
                    <!---->
                    <!---->
                    <div class="v-field__outline">
                      <!----><label class="v-label v-field-label v-field-label--floating" aria-hidden="true" for="input-v-1">
                        <!---->Sign
                      </label>
                    </div>
                  </div>
                </div>
                <!---->
                <div id="input-v-1-messages" class="v-input__details" role="alert" aria-live="polite">
                  <transition-group-stub name="slide-y-transition" tag="div" appear="false" persisted="false" css="true" class="v-messages">
                    <!---->
                  </transition-group-stub>
                  <!---->
                </div>
              </div><button type="submit" class="v-btn v-btn--block v-btn--disabled v-theme--light text-primary v-btn--density-default v-btn--size-default v-btn--variant-tonal" disabled="" data-test="sign-btn"><span class="v-btn__overlay"></span><span class="v-btn__underlay"></span>
                <!----><span class="v-btn__content" data-no-activator=""> Setup </span>
                <!---->
                <!---->
              </button>
            </div>
          </div>
        </transition-stub>
        <transition-stub appear="false" persisted="false" css="true" disabled="true">
          <div class="v-window-item" style="display: none;">
            <!---->
          </div>
        </transition-stub>
        <!---->
      </div>
      <!---->
    </div>
  </form>
</div>"
`;
