// Vitest Snapshot v1, https://vitest.dev/guide/snapshot.html

exports[`Team Members > Renders the component 1`] = `
"<div class="v-card v-theme--light v-card--density-default elevation-0 rounded-0 v-card--variant-elevated pa-6 bg-transparent mb-6 position-relative overflow-hidden border-b mx-n8 mt-n8" data-test="title">
  <!---->
  <div class="v-card__loader">
    <div class="v-progress-linear v-theme--light v-locale--is-ltr" style="top: 0px; height: 0px; --v-progress-linear-height: 2px;" role="progressbar" aria-hidden="true" aria-valuemin="0" aria-valuemax="100">
      <!---->
      <div class="v-progress-linear__background"></div>
      <div class="v-progress-linear__buffer" style="width: 0%;"></div>
      <transition-stub name="fade-transition" appear="false" persisted="false" css="true">
        <div class="v-progress-linear__indeterminate">
          <div class="v-progress-linear__indeterminate long"></div>
          <div class="v-progress-linear__indeterminate short"></div>
        </div>
      </transition-stub>
      <!---->
    </div>
  </div>
  <!---->
  <!---->
  <div class="d-flex align-start justify-space-between position-relative" style="z-index: 1;">
    <!-- Left side: Icon + Title + Description -->
    <div class="d-flex align-start flex-grow-1">
      <div class="v-avatar v-theme--light bg-primary v-avatar--density-default v-avatar--variant-flat mr-4" style="width: 48px; height: 48px;"><i class="mdi-account-multiple mdi v-icon notranslate v-theme--light" style="font-size: 32px; height: 32px; width: 32px;" aria-hidden="true"></i>
        <!----><span class="v-avatar__underlay"></span>
      </div>
      <div>
        <div class="text-overline text-medium-emphasis mb-1">Team Management</div>
        <div class="text-h5 font-weight-bold mb-2">Members</div>
        <div class="text-body-2 text-medium-emphasis">Manage team members and their access to this namespace. Invite collaborators and control their permissions.</div>
        <!--v-if-->
      </div>
    </div><!-- Right side: Actions -->
    <div class="ml-4">
      <div>
        <div aria-describedby="v-tooltip-v-0"><button type="button" class="v-btn v-btn--disabled v-theme--light bg-primary v-btn--density-default v-btn--size-default v-btn--variant-elevated" disabled="" data-test="invite-dialog-btn"><span class="v-btn__overlay"></span><span class="v-btn__underlay"></span>
            <!----><span class="v-btn__content" data-no-activator=""> Invite Member </span>
            <!---->
            <!---->
          </button></div>
        <!--teleport start-->
        <!--teleport end-->
        <!---->
        <!---->
      </div>
    </div>
  </div><!-- Extra content below -->
  <!--v-if-->
  <!---->
  <!----><span class="v-card__underlay"></span>
</div>
<div class="mt-2" data-test="member-list">
  <div class="v-table v-theme--light v-table--density-default bg-background border rounded" data-test="member-table">
    <!---->
    <div class="v-table__wrapper">
      <table>
        <thead class="bg-v-theme-background">
          <tr>
            <th class="text-center" data-test="member-table-headers"><span>Email</span></th>
            <th class="text-center" data-test="member-table-headers"><span>Role</span></th>
            <th class="text-center" data-test="member-table-headers"><span>Actions</span></th>
          </tr>
        </thead>
        <tbody data-test="member-table-rows">
          <tr class="text-center">
            <td aria-describedby="v-tooltip-v-2"><i class="mdi-account mdi v-icon notranslate v-theme--light v-icon--size-default" aria-hidden="true"></i>
              <!---->
              <!--teleport start-->
              <!--teleport end-->
            </td>
            <td class="text-center text-capitalize">owner</td>
            <td class="text-center" aria-describedby="v-tooltip-v-3">
              <!---->
              <!--teleport start-->
              <!--teleport end-->
            </td>
          </tr>
        </tbody>
      </table>
    </div>
    <!---->
  </div>
</div>"
`;
