// Vitest Snapshot v1, https://vitest.dev/guide/snapshot.html

exports[`Update Password > Renders the component 1`] = `
"<div class=\\"v-container v-locale--is-ltr\\">
  <div class=\\"v-card-title d-flex justify-center\\" data-test=\\"title\\"> Reset your password </div>
  <div class=\\"v-card-text\\" data-test=\\"sub-text\\">
    <div class=\\"d-flex align-center justify-center text-center mb-6\\"> Please insert your new password. </div>
  </div>
  <div class=\\"v-card-text\\">
    <div class=\\"v-input v-input--horizontal v-input--density-default v-locale--is-ltr v-text-field v-text-field--plain-underlined\\" data-test=\\"password-text\\">
      <div class=\\"v-input__prepend\\">
        <!----><i class=\\"mdi-lock mdi v-icon notranslate v-theme--light v-icon--size-default\\" aria-hidden=\\"true\\"></i>
      </div>
      <div class=\\"v-input__control\\">
        <div class=\\"v-field v-field--appended v-field--variant-underlined v-theme--light v-locale--is-ltr\\">
          <div class=\\"v-field__overlay\\"></div>
          <div class=\\"v-field__loader\\">
            <div class=\\"v-progress-linear v-theme--light v-locale--is-ltr\\" style=\\"top: 0px; height: 0px; --v-progress-linear-height: 2px; left: 50%; transform: translateX(-50%);\\" role=\\"progressbar\\" aria-hidden=\\"true\\" aria-valuemin=\\"0\\" aria-valuemax=\\"100\\">
              <!---->
              <div class=\\"v-progress-linear__background bg-primary\\" style=\\"width: 100%;\\"></div>
              <transition-stub name=\\"fade-transition\\" appear=\\"false\\" persisted=\\"false\\" css=\\"true\\">
                <div class=\\"v-progress-linear__indeterminate\\">
                  <div class=\\"v-progress-linear__indeterminate long bg-primary\\"></div>
                  <div class=\\"v-progress-linear__indeterminate short bg-primary\\"></div>
                </div>
              </transition-stub>
              <!---->
            </div>
          </div>
          <!---->
          <div class=\\"v-field__field\\" data-no-activator=\\"\\">
            <!----><label class=\\"v-label v-field-label\\" for=\\"password\\">
              <!---->Password
            </label>
            <!----><input size=\\"1\\" type=\\"password\\" id=\\"password\\" aria-describedby=\\"password-messages\\" required=\\"\\" class=\\"v-field__input\\">
            <!---->
          </div>
          <!---->
          <div class=\\"v-field__append-inner\\">
            <!----><i class=\\"mdi-eye-off mdi v-icon notranslate v-theme--light v-icon--size-default v-icon--clickable\\" role=\\"button\\" aria-hidden=\\"false\\" aria-label=\\"Password appended action\\"></i>
          </div>
          <div class=\\"v-field__outline\\">
            <!----><label class=\\"v-label v-field-label v-field-label--floating\\" aria-hidden=\\"true\\" for=\\"password\\">
              <!---->Password
            </label>
          </div>
        </div>
      </div>
      <!---->
      <div class=\\"v-input__details\\">
        <transition-group-stub name=\\"slide-y-transition\\" tag=\\"div\\" appear=\\"false\\" persisted=\\"false\\" css=\\"true\\" class=\\"v-messages\\" role=\\"alert\\" aria-live=\\"polite\\" id=\\"password-messages\\">
          <!---->
        </transition-group-stub>
        <!---->
      </div>
    </div>
    <div class=\\"v-input v-input--horizontal v-input--density-default v-locale--is-ltr v-text-field v-text-field--plain-underlined\\" data-test=\\"password-confirm-text\\">
      <div class=\\"v-input__prepend\\">
        <!----><i class=\\"mdi-lock mdi v-icon notranslate v-theme--light v-icon--size-default\\" aria-hidden=\\"true\\"></i>
      </div>
      <div class=\\"v-input__control\\">
        <div class=\\"v-field v-field--appended v-field--variant-underlined v-theme--light v-locale--is-ltr\\">
          <div class=\\"v-field__overlay\\"></div>
          <div class=\\"v-field__loader\\">
            <div class=\\"v-progress-linear v-theme--light v-locale--is-ltr\\" style=\\"top: 0px; height: 0px; --v-progress-linear-height: 2px; left: 50%; transform: translateX(-50%);\\" role=\\"progressbar\\" aria-hidden=\\"true\\" aria-valuemin=\\"0\\" aria-valuemax=\\"100\\">
              <!---->
              <div class=\\"v-progress-linear__background bg-primary\\" style=\\"width: 100%;\\"></div>
              <transition-stub name=\\"fade-transition\\" appear=\\"false\\" persisted=\\"false\\" css=\\"true\\">
                <div class=\\"v-progress-linear__indeterminate\\">
                  <div class=\\"v-progress-linear__indeterminate long bg-primary\\"></div>
                  <div class=\\"v-progress-linear__indeterminate short bg-primary\\"></div>
                </div>
              </transition-stub>
              <!---->
            </div>
          </div>
          <!---->
          <div class=\\"v-field__field\\" data-no-activator=\\"\\">
            <!----><label class=\\"v-label v-field-label\\" for=\\"password-confirm\\">
              <!---->Confirm Password
            </label>
            <!----><input size=\\"1\\" type=\\"password\\" id=\\"password-confirm\\" aria-describedby=\\"password-confirm-messages\\" required=\\"\\" class=\\"v-field__input\\">
            <!---->
          </div>
          <!---->
          <div class=\\"v-field__append-inner\\">
            <!----><i class=\\"mdi-eye-off mdi v-icon notranslate v-theme--light v-icon--size-default v-icon--clickable\\" role=\\"button\\" aria-hidden=\\"false\\" aria-label=\\"Confirm Password appended action\\"></i>
          </div>
          <div class=\\"v-field__outline\\">
            <!----><label class=\\"v-label v-field-label v-field-label--floating\\" aria-hidden=\\"true\\" for=\\"password-confirm\\">
              <!---->Confirm Password
            </label>
          </div>
        </div>
      </div>
      <!---->
      <div class=\\"v-input__details\\">
        <transition-group-stub name=\\"slide-y-transition\\" tag=\\"div\\" appear=\\"false\\" persisted=\\"false\\" css=\\"true\\" class=\\"v-messages\\" role=\\"alert\\" aria-live=\\"polite\\" id=\\"password-confirm-messages\\">
          <!---->
        </transition-group-stub>
        <!---->
      </div>
    </div>
  </div>
  <div class=\\"v-card-actions justify-center\\"><button type=\\"submit\\" class=\\"v-btn v-theme--light text-primary v-btn--density-default v-btn--size-default v-btn--variant-tonal\\" data-test=\\"update-password-btn\\"><span class=\\"v-btn__overlay\\"></span><span class=\\"v-btn__underlay\\"></span>
      <!----><span class=\\"v-btn__content\\" data-no-activator=\\"\\"> UPDATE PASSWORD </span>
      <!---->
      <!---->
    </button></div>
  <div class=\\"v-card-subtitle d-flex align-center justify-center pa-4 mx-auto pt-2\\" data-test=\\"isCloud-card\\"> Back to <a href=\\"/login\\" class=\\"ml-1\\"> Login </a></div>
</div>"
`;
