// Vitest Snapshot v1, https://vitest.dev/guide/snapshot.html

exports[`ContainerAdd > Renders the component 1`] = `
"<body>
  <div class="v-overlay-container">
    <div class="v-overlay v-overlay--active v-theme--light v-locale--is-ltr v-dialog v-dialog--scrollable" style="z-index: 2400;" aria-modal="true" role="dialog" data-v-0e9a08b3="" data-test="container-add-dialog">
      <transition-stub name="fade-transition" appear="true" persisted="false" css="true">
        <div class="v-overlay__scrim"></div>
      </transition-stub>
      <transition-stub name="dialog-bottom-transition" appear="true" persisted="true" css="true">
        <div class="v-overlay__content" style="max-width: 600px;" tabindex="-1">
          <div data-v-0e9a08b3="" class="v-card v-theme--light v-card--density-default v-card--variant-elevated bg-v-theme-surface border">
            <!---->
            <div class="v-card__loader">
              <div class="v-progress-linear v-theme--light v-locale--is-ltr" style="top: 0px; height: 0px; --v-progress-linear-height: 2px;" role="progressbar" aria-hidden="true" aria-valuemin="0" aria-valuemax="100">
                <!---->
                <div class="v-progress-linear__background"></div>
                <div class="v-progress-linear__buffer" style="width: 0%;"></div>
                <transition-stub name="fade-transition" appear="false" persisted="false" css="true">
                  <div class="v-progress-linear__indeterminate">
                    <div class="v-progress-linear__indeterminate long"></div>
                    <div class="v-progress-linear__indeterminate short"></div>
                  </div>
                </transition-stub>
                <!---->
              </div>
            </div>
            <!---->
            <!---->
            <!-- Content -->
            <!-- Titlebar -->
            <header class="v-toolbar v-toolbar--collapse-start v-toolbar--density-default bg-primary v-theme--light v-locale--is-ltr bg-v-theme-surface border-b px-4 py-2">
              <!---->
              <div class="v-toolbar__content" style="height: 64px;">
                <!---->
                <!---->
                <div class="v-avatar v-theme--light text-primary v-avatar--density-default v-avatar--rounded v-avatar--variant-tonal border border-primary border-opacity-100 mr-3" style="width: 48px; height: 48px;"><i class="mdi-docker mdi v-icon notranslate v-theme--light" style="font-size: 24px; height: 24px; width: 24px;" aria-hidden="true"></i>
                  <!----><span class="v-avatar__underlay"></span>
                </div>
                <div>
                  <div class="v-toolbar-title text-h6">
                    <div class="v-toolbar-title__placeholder">
                      <!---->Registering a Docker host
                    </div>
                  </div>
                  <div class="text-caption text-medium-emphasis">Install the ShellHub Connector to add Docker containers</div>
                </div>
                <div class="v-spacer"></div><button type="button" class="v-btn v-btn--icon v-theme--light v-btn--density-default v-btn--size-default v-btn--variant-text" data-test="close-btn-toolbar"><span class="v-btn__overlay"></span><span class="v-btn__underlay"></span>
                  <!----><span class="v-btn__content" data-no-activator=""><i class="mdi-close mdi v-icon notranslate v-theme--light v-icon--size-default" aria-hidden="true"></i></span>
                  <!---->
                  <!---->
                </button>
                <!---->
              </div>
              <transition-stub name="expand-transition" appear="false" persisted="false" css="true">
                <!---->
              </transition-stub>
            </header><!-- Content -->
            <div class="v-card-text mt-4 mb-0 pb-1 text-justify" data-test="dialog-text">
              <p class="text-body-2 mb-2"> In order to add Docker containers to ShellHub, you need to install the ShellHub Connector on the Docker host. </p>
              <p class="text-body-2 mb-2"> The easiest way to install the ShellHub Connector is with our automatic one-line installation script, which connects to the Docker API and exposes the running containers within ShellHub. </p>
              <p class="text-body-2 font-weight-bold mt-3"> Run the following command on your Docker host: </p>
              <div data-v-0cebd2fd="" class="mt-1 mb-3">
                <div data-v-0cebd2fd="" class="v-input v-input--horizontal v-input--center-affix v-input--density-compact v-theme--light v-locale--is-ltr v-input--dirty v-input--readonly v-text-field v-text-field--prefixed code text-white" data-test="copy-command-field">
                  <!---->
                  <div class="v-input__control">
                    <div class="v-field v-field--active v-field--center-affix v-field--dirty v-field--no-label v-field--variant-filled v-theme--light v-locale--is-ltr">
                      <div class="v-field__overlay"></div>
                      <div class="v-field__loader">
                        <div class="v-progress-linear v-theme--light v-locale--is-ltr" style="top: 0px; height: 0px; --v-progress-linear-height: 2px;" role="progressbar" aria-hidden="true" aria-valuemin="0" aria-valuemax="100">
                          <!---->
                          <div class="v-progress-linear__background"></div>
                          <div class="v-progress-linear__buffer" style="width: 0%;"></div>
                          <transition-stub name="fade-transition" appear="false" persisted="false" css="true">
                            <div class="v-progress-linear__indeterminate">
                              <div class="v-progress-linear__indeterminate long"></div>
                              <div class="v-progress-linear__indeterminate short"></div>
                            </div>
                          </transition-stub>
                          <!---->
                        </div>
                      </div>
                      <!---->
                      <div class="v-field__field" data-no-activator="">
                        <!---->
                        <!----><span class="v-text-field__prefix"><span class="v-text-field__prefix__text">$</span></span><input readonly="" size="1" type="text" id="input-v-3" class="v-field__input" value="curl -sSf http://localhost:3000/install.sh | TENANT_ID= SERVER_ADDRESS=http://localhost:3000 sh -s connector">
                        <!---->
                      </div>
                      <!---->
                      <!---->
                      <div class="v-field__outline">
                        <!---->
                        <!---->
                      </div>
                    </div>
                  </div>
                  <div class="v-input__append">
                    <!----><button data-v-0cebd2fd="" type="button" class="v-btn v-btn--icon v-theme--light bg-primary v-btn--density-default v-btn--rounded v-btn--size-small v-btn--variant-flat" data-test="copy-button"><span class="v-btn__overlay"></span><span class="v-btn__underlay"></span>
                      <!----><span class="v-btn__content" data-no-activator=""><i class="mdi-content-copy mdi v-icon notranslate v-theme--light v-icon--size-default" aria-hidden="true"></i></span>
                      <!---->
                      <!---->
                    </button>
                  </div>
                  <!---->
                </div>
                <!---->
                <!---->
              </div>
            </div><!-- Footer -->
            <header class="v-toolbar v-toolbar--collapse-start v-toolbar--density-default bg-primary v-theme--light v-locale--is-ltr bg-v-theme-surface border-t px-6 py-2">
              <!---->
              <div class="v-toolbar__content" style="height: 64px;">
                <!---->
                <!---->
                <div class="v-spacer"></div><button type="button" class="v-btn v-theme--light v-btn--density-default v-btn--size-default v-btn--variant-text" data-test="close-btn"><span class="v-btn__overlay"></span><span class="v-btn__underlay"></span>
                  <!----><span class="v-btn__content" data-no-activator="">Close</span>
                  <!---->
                  <!---->
                </button>
                <!---->
              </div>
              <transition-stub name="expand-transition" appear="false" persisted="false" css="true">
                <!---->
              </transition-stub>
            </header>
            <!---->
            <!----><span class="v-card__underlay"></span>
          </div>
        </div>
      </transition-stub>
    </div>
  </div>
</body>"
`;
