// Vitest Snapshot v1, https://vitest.dev/guide/snapshot.html

exports[`BillingDialogPaymentMethod > Button > Renders the component 1`] = `
"<button type=\\"button\\" class=\\"v-btn v-btn--elevated v-theme--light v-btn--density-default v-btn--size-default v-btn--variant-elevated bg-primary\\" data-test=\\"show-btn\\"><span class=\\"v-btn__overlay\\"></span><span class=\\"v-btn__underlay\\"></span>
  <!----><span class=\\"v-btn__content\\" data-no-activator=\\"\\">subscribe</span>
  <!---->
  <!---->
</button>
<!--teleport start-->
<!--teleport end-->"
`;

exports[`BillingDialogPaymentMethod > Dialog Subscription > Renders the component 1`] = `
"<v-btn-stub symbol=\\"Symbol(vuetify:v-btn-toggle)\\" flat=\\"false\\" icon=\\"false\\" block=\\"false\\" stacked=\\"false\\" ripple=\\"true\\" border=\\"false\\" density=\\"default\\" disabled=\\"false\\" loading=\\"false\\" replace=\\"false\\" exact=\\"false\\" size=\\"default\\" tag=\\"button\\" variant=\\"elevated\\" class=\\"bg-primary\\" data-test=\\"show-btn\\"></v-btn-stub>
<v-dialog-stub maxwidth=\\"600\\" fullscreen=\\"false\\" retainfocus=\\"true\\" scrollable=\\"false\\" absolute=\\"false\\" attach=\\"false\\" closeonback=\\"true\\" contained=\\"false\\" disabled=\\"false\\" noclickanimation=\\"false\\" modelvalue=\\"true\\" persistent=\\"false\\" scrim=\\"true\\" zindex=\\"2400\\" activatorprops=\\"[object Object]\\" openonhover=\\"false\\" closeoncontentclick=\\"false\\" eager=\\"false\\" locationstrategy=\\"static\\" location=\\"bottom\\" origin=\\"center center\\" scrollstrategy=\\"block\\" transition=\\"[object Object]\\"></v-dialog-stub>"
`;

exports[`BillingDialogPaymentMethod > Dialog Update > Renders the component 1`] = `
"<v-btn-stub symbol=\\"Symbol(vuetify:v-btn-toggle)\\" flat=\\"false\\" icon=\\"false\\" block=\\"false\\" stacked=\\"false\\" ripple=\\"true\\" border=\\"false\\" density=\\"default\\" disabled=\\"false\\" loading=\\"false\\" replace=\\"false\\" exact=\\"false\\" size=\\"default\\" tag=\\"button\\" variant=\\"elevated\\" class=\\"bg-primary\\" data-test=\\"show-btn\\"></v-btn-stub>
<v-dialog-stub maxwidth=\\"600\\" fullscreen=\\"false\\" retainfocus=\\"true\\" scrollable=\\"false\\" absolute=\\"false\\" attach=\\"false\\" closeonback=\\"true\\" contained=\\"false\\" disabled=\\"false\\" noclickanimation=\\"false\\" modelvalue=\\"true\\" persistent=\\"false\\" scrim=\\"true\\" zindex=\\"2400\\" activatorprops=\\"[object Object]\\" openonhover=\\"false\\" closeoncontentclick=\\"false\\" eager=\\"false\\" locationstrategy=\\"static\\" location=\\"bottom\\" origin=\\"center center\\" scrollstrategy=\\"block\\" transition=\\"[object Object]\\"></v-dialog-stub>"
`;
