// Jest Snapshot v1, https://goo.gl/fbAQLP

exports[`Device Device Renders the component 1`] = `
<fragment-stub>
  <div class="d-flex pa-0 align-center">
    <h1>Devices</h1>
    <v-spacer-stub></v-spacer-stub>
    <v-text-field-stub errorcount="1" errormessages="" messages="" rules="" successmessages="" value="" appendicon="mdi-magnify" backgroundcolor="" hidedetails="true" label="Search by hostname" loaderheight="2" clearicon="$clear" singleline="true" type="text" data-test="search-text" class="mx-6"></v-text-field-stub>
    <v-spacer-stub></v-spacer-stub>
    <deviceadd-stub></deviceadd-stub>
  </div>
  <v-card-stub loaderheight="4" tag="div" class="mt-2">
    <v-app-bar-stub color="transparent" tag="header" extensionheight="48" flat="true" src="" value="true">
      <v-tabs-stub activeclass="" nexticon="$next" previcon="$prev" slidersize="2">
        <v-tab-stub to="/devices" ripple="true">
          Device List
        </v-tab-stub>
        <v-tab-stub to="/devices/pending" ripple="true">
          <v-badge-stub color="success" value="2" transition="scale-rotate-transition" content="2" label="$vuetify.badge" inline="true" overlap="true" data-test="badge-field">
            Pending
          </v-badge-stub>
        </v-tab-stub>
        <v-tab-stub to="/devices/rejected" ripple="true">
          Rejected
        </v-tab-stub>
      </v-tabs-stub>
    </v-app-bar-stub>
    <v-divider-stub></v-divider-stub>
  </v-card-stub>
  <v-card-stub loaderheight="4" tag="div">
    <router-view-stub name="default"></router-view-stub>
    <!---->
  </v-card-stub>
</fragment-stub>
`;

exports[`Device Device Renders the component 2`] = `
<fragment-stub>
  <div class="d-flex pa-0 align-center">
    <h1>Devices</h1>
    <v-spacer-stub></v-spacer-stub>
    <v-text-field-stub errorcount="1" errormessages="" messages="" rules="" successmessages="" value="" appendicon="mdi-magnify" backgroundcolor="" hidedetails="true" label="Search by hostname" loaderheight="2" clearicon="$clear" singleline="true" type="text" data-test="search-text" class="mx-6"></v-text-field-stub>
    <v-spacer-stub></v-spacer-stub>
    <deviceadd-stub></deviceadd-stub>
  </div>
  <v-card-stub loaderheight="4" tag="div" class="mt-2">
    <v-app-bar-stub color="transparent" tag="header" extensionheight="48" flat="true" src="" value="true">
      <v-tabs-stub activeclass="" nexticon="$next" previcon="$prev" slidersize="2">
        <v-tab-stub to="/devices" ripple="true">
          Device List
        </v-tab-stub>
        <v-tab-stub to="/devices/pending" ripple="true">
          <v-badge-stub color="success" value="2" transition="scale-rotate-transition" content="2" label="$vuetify.badge" inline="true" overlap="true" data-test="badge-field">
            Pending
          </v-badge-stub>
        </v-tab-stub>
        <v-tab-stub to="/devices/rejected" ripple="true">
          Rejected
        </v-tab-stub>
      </v-tabs-stub>
    </v-app-bar-stub>
    <v-divider-stub></v-divider-stub>
  </v-card-stub>
  <v-card-stub loaderheight="4" tag="div">
    <router-view-stub name="default"></router-view-stub>
    <!---->
  </v-card-stub>
</fragment-stub>
`;
